Actual job: {'start': 'expanded_aligned', 'seed': 12, 'sweeps': 10, 'name': 'm10_expanded_aligned_s12'} magnetic initialization: field
Initial geometry: {'body_tilt': 0.0, 'sl_pca_tilt': 0.0, 'min_gap_nm': 3.523140224037567}
m10_expanded_aligned_s12: 1/2000 (  0.1%), elapsed 0.0 min, ETA 1.9 min
m10_expanded_aligned_s12: 100/2000 (  5.0%), elapsed 0.1 min, ETA 1.8 min
m10_expanded_aligned_s12: 200/2000 ( 10.0%), elapsed 0.2 min, ETA 1.7 min
m10_expanded_aligned_s12: 300/2000 ( 15.0%), elapsed 0.3 min, ETA 1.6 min
m10_expanded_aligned_s12: 400/2000 ( 20.0%), elapsed 0.4 min, ETA 1.5 min
m10_expanded_aligned_s12: 500/2000 ( 25.0%), elapsed 0.5 min, ETA 1.4 min
m10_expanded_aligned_s12: 600/2000 ( 30.0%), elapsed 0.6 min, ETA 1.3 min
m10_expanded_aligned_s12: 700/2000 ( 35.0%), elapsed 0.7 min, ETA 1.2 min
m10_expanded_aligned_s12: 800/2000 ( 40.0%), elapsed 0.7 min, ETA 1.1 min
m10_expanded_aligned_s12: 900/2000 ( 45.0%), elapsed 0.8 min, ETA 1.0 min
m10_expanded_aligned_s12: 1000/2000 ( 50.0%), elapsed 0.9 min, ETA 0.9 min
m10_expanded_aligned_s12: 1100/2000 ( 55.0%), elapsed 1.0 min, ETA 0.8 min
m10_expanded_aligned_s12: 1200/2000 ( 60.0%), elapsed 1.1 min, ETA 0.7 min
m10_expanded_aligned_s12: 1300/2000 ( 65.0%), elapsed 1.2 min, ETA 0.6 min
m10_expanded_aligned_s12: 1400/2000 ( 70.0%), elapsed 1.3 min, ETA 0.5 min
m10_expanded_aligned_s12: 1500/2000 ( 75.0%), elapsed 1.3 min, ETA 0.4 min
m10_expanded_aligned_s12: 1600/2000 ( 80.0%), elapsed 1.4 min, ETA 0.4 min
m10_expanded_aligned_s12: 1700/2000 ( 85.0%), elapsed 1.5 min, ETA 0.3 min
m10_expanded_aligned_s12: 1800/2000 ( 90.0%), elapsed 1.6 min, ETA 0.2 min
m10_expanded_aligned_s12: 1900/2000 ( 95.0%), elapsed 1.7 min, ETA 0.1 min
m10_expanded_aligned_s12: 2000/2000 (100.0%), elapsed 1.8 min, ETA 0.0 min
