Actual job: {'start': 'expanded_aligned', 'seed': 14, 'sweeps': 5, 'name': 'm5_expanded_aligned_s14'} magnetic initialization: body_easy
Initial geometry: {'body_tilt': 0.0, 'sl_pca_tilt': 0.0, 'min_gap_nm': 3.523140224037567}
m5_expanded_aligned_s14: 1/2000 (  0.1%), elapsed 0.0 min, ETA 0.9 min
m5_expanded_aligned_s14: 100/2000 (  5.0%), elapsed 0.1 min, ETA 1.0 min
m5_expanded_aligned_s14: 200/2000 ( 10.0%), elapsed 0.1 min, ETA 1.0 min
m5_expanded_aligned_s14: 300/2000 ( 15.0%), elapsed 0.2 min, ETA 1.0 min
m5_expanded_aligned_s14: 400/2000 ( 20.0%), elapsed 0.2 min, ETA 0.9 min
m5_expanded_aligned_s14: 500/2000 ( 25.0%), elapsed 0.3 min, ETA 0.9 min
m5_expanded_aligned_s14: 600/2000 ( 30.0%), elapsed 0.4 min, ETA 0.8 min
m5_expanded_aligned_s14: 700/2000 ( 35.0%), elapsed 0.4 min, ETA 0.8 min
m5_expanded_aligned_s14: 800/2000 ( 40.0%), elapsed 0.5 min, ETA 0.7 min
m5_expanded_aligned_s14: 900/2000 ( 45.0%), elapsed 0.5 min, ETA 0.6 min
m5_expanded_aligned_s14: 1000/2000 ( 50.0%), elapsed 0.6 min, ETA 0.6 min
m5_expanded_aligned_s14: 1100/2000 ( 55.0%), elapsed 0.6 min, ETA 0.5 min
m5_expanded_aligned_s14: 1200/2000 ( 60.0%), elapsed 0.7 min, ETA 0.5 min
m5_expanded_aligned_s14: 1300/2000 ( 65.0%), elapsed 0.7 min, ETA 0.4 min
m5_expanded_aligned_s14: 1400/2000 ( 70.0%), elapsed 0.8 min, ETA 0.3 min
m5_expanded_aligned_s14: 1500/2000 ( 75.0%), elapsed 0.8 min, ETA 0.3 min
m5_expanded_aligned_s14: 1600/2000 ( 80.0%), elapsed 0.9 min, ETA 0.2 min
m5_expanded_aligned_s14: 1700/2000 ( 85.0%), elapsed 0.9 min, ETA 0.2 min
m5_expanded_aligned_s14: 1800/2000 ( 90.0%), elapsed 1.0 min, ETA 0.1 min
m5_expanded_aligned_s14: 1900/2000 ( 95.0%), elapsed 1.1 min, ETA 0.1 min
m5_expanded_aligned_s14: 2000/2000 (100.0%), elapsed 1.1 min, ETA 0.0 min
