V9.03 N27 collective MC loaded.
B = 0.05 T = 500 G
default seed=1; init=1, bench=1001, full=1
preset=size_default: L=16, a=21.0, alpha=74.2, beta_init=0.0
L=16.0 nm, a=21.0 nm, alpha=74.2 deg, beta_init=0.0 deg
cycles=2000, equil=500, anis_model=cubic_first_raw
global co-tilt moves/cycle=1, step=0.75 deg
global gamma moves/cycle=1, step=2.0 deg
CollectiveNanocubeMC defined.
V9.03 local-delta MC helper defined.
Initial N27 cluster
  initial seed = 1, dipoles = random
  N = 27
  first shell around center = 6, first distance = 21.000 nm
  min pair gap = 1.828 nm
  local dipole-body <beta> = 95.478 deg
  coherent cube-body tilt = 0.000 deg, body order = 1.000
  SL tilt PCA = 0.000 deg, order = 0.272
  body-SL tilt difference = 0.000 deg
  body-SL axis angle = 0.000 deg
  surface gap min/p05 = 1.828 / 1.829 nm
  Zeeman            +29.180 kBT
  Anisotropy       -104.738 kBT
  Dipole            -12.381 kBT
  VdW               -32.430 kBT
  Steric             +0.000 kBT
  Total            -120.369 kBT
expanded_tilted, seed 4: 1/2000 (  0.1%), elapsed 0.0 min, ETA 6.9 min
expanded_tilted, seed 4: 100/2000 (  5.0%), elapsed 0.3 min, ETA 5.9 min
expanded_tilted, seed 4: 200/2000 ( 10.0%), elapsed 0.6 min, ETA 5.1 min
expanded_tilted, seed 4: 300/2000 ( 15.0%), elapsed 0.8 min, ETA 4.6 min
expanded_tilted, seed 4: 400/2000 ( 20.0%), elapsed 1.1 min, ETA 4.3 min
expanded_tilted, seed 4: 500/2000 ( 25.0%), elapsed 1.3 min, ETA 4.0 min
expanded_tilted, seed 4: 600/2000 ( 30.0%), elapsed 1.6 min, ETA 3.7 min
expanded_tilted, seed 4: 700/2000 ( 35.0%), elapsed 1.8 min, ETA 3.4 min
expanded_tilted, seed 4: 800/2000 ( 40.0%), elapsed 2.1 min, ETA 3.2 min
expanded_tilted, seed 4: 900/2000 ( 45.0%), elapsed 2.3 min, ETA 2.9 min
expanded_tilted, seed 4: 1000/2000 ( 50.0%), elapsed 2.6 min, ETA 2.6 min
expanded_tilted, seed 4: 1100/2000 ( 55.0%), elapsed 2.9 min, ETA 2.3 min
expanded_tilted, seed 4: 1200/2000 ( 60.0%), elapsed 3.1 min, ETA 2.1 min
expanded_tilted, seed 4: 1300/2000 ( 65.0%), elapsed 3.4 min, ETA 1.8 min
expanded_tilted, seed 4: 1400/2000 ( 70.0%), elapsed 3.6 min, ETA 1.5 min
expanded_tilted, seed 4: 1500/2000 ( 75.0%), elapsed 3.8 min, ETA 1.3 min
expanded_tilted, seed 4: 1600/2000 ( 80.0%), elapsed 4.1 min, ETA 1.0 min
expanded_tilted, seed 4: 1700/2000 ( 85.0%), elapsed 4.3 min, ETA 0.8 min
expanded_tilted, seed 4: 1800/2000 ( 90.0%), elapsed 4.6 min, ETA 0.5 min
expanded_tilted, seed 4: 1900/2000 ( 95.0%), elapsed 4.8 min, ETA 0.3 min
expanded_tilted, seed 4: 2000/2000 (100.0%), elapsed 5.1 min, ETA 0.0 min
Completed and verified: {'full_minus_tracked_energy_kBT': 5.684341886080801e-13, 'min_recorded_gap_nm': 1.799997251123506, 'all_trajectories_finite': True}
