Actual job: {'start': 'compact_tilted40', 'seed': 11, 'sweeps': 10, 'name': 'm10_compact_tilted40_s11'} magnetic initialization: random
Initial geometry: {'body_tilt': 39.999999999999986, 'sl_pca_tilt': 40.00000000000001, 'min_gap_nm': 1.8284388226959425}
m10_compact_tilted40_s11: 1/2000 (  0.1%), elapsed 0.0 min, ETA 1.7 min
m10_compact_tilted40_s11: 100/2000 (  5.0%), elapsed 0.1 min, ETA 1.7 min
m10_compact_tilted40_s11: 200/2000 ( 10.0%), elapsed 0.2 min, ETA 1.6 min
m10_compact_tilted40_s11: 300/2000 ( 15.0%), elapsed 0.3 min, ETA 1.5 min
m10_compact_tilted40_s11: 400/2000 ( 20.0%), elapsed 0.4 min, ETA 1.4 min
m10_compact_tilted40_s11: 500/2000 ( 25.0%), elapsed 0.4 min, ETA 1.3 min
m10_compact_tilted40_s11: 600/2000 ( 30.0%), elapsed 0.5 min, ETA 1.3 min
m10_compact_tilted40_s11: 700/2000 ( 35.0%), elapsed 0.6 min, ETA 1.2 min
m10_compact_tilted40_s11: 800/2000 ( 40.0%), elapsed 0.7 min, ETA 1.1 min
m10_compact_tilted40_s11: 900/2000 ( 45.0%), elapsed 0.8 min, ETA 1.0 min
m10_compact_tilted40_s11: 1000/2000 ( 50.0%), elapsed 0.9 min, ETA 0.9 min
m10_compact_tilted40_s11: 1100/2000 ( 55.0%), elapsed 1.0 min, ETA 0.8 min
m10_compact_tilted40_s11: 1200/2000 ( 60.0%), elapsed 1.1 min, ETA 0.7 min
m10_compact_tilted40_s11: 1300/2000 ( 65.0%), elapsed 1.2 min, ETA 0.6 min
m10_compact_tilted40_s11: 1400/2000 ( 70.0%), elapsed 1.3 min, ETA 0.5 min
m10_compact_tilted40_s11: 1500/2000 ( 75.0%), elapsed 1.4 min, ETA 0.5 min
m10_compact_tilted40_s11: 1600/2000 ( 80.0%), elapsed 1.5 min, ETA 0.4 min
m10_compact_tilted40_s11: 1700/2000 ( 85.0%), elapsed 1.5 min, ETA 0.3 min
m10_compact_tilted40_s11: 1800/2000 ( 90.0%), elapsed 1.6 min, ETA 0.2 min
m10_compact_tilted40_s11: 1900/2000 ( 95.0%), elapsed 1.7 min, ETA 0.1 min
m10_compact_tilted40_s11: 2000/2000 (100.0%), elapsed 1.8 min, ETA 0.0 min
