[
  {
    "bond_nm": 30.0,
    "cycles": 20000,
    "p_contact": 0.23972222222222223,
    "p_contact_mcse": 0.011388889084381548,
    "v_free_nm3": 51060.06352923258,
    "K_nm3": 16099.683896867999,
    "vdw_mean_kBT": -0.17774602909693463,
    "dipole_mean_kBT": -2.4245262803872247,
    "vdw_in_contact_kBT": -0.3936328215313,
    "acceptance": {
      "trans": 0.60495,
      "rot": 0.634375,
      "dip": 0.279095,
      "cotilt": NaN,
      "gamma": 0.95295,
      "scale": 0.8514
    },
    "drift_kBT": 5.8483371638249e-15
  },
  {
    "bond_nm": 36.0,
    "cycles": 20000,
    "p_contact": 0.13977777777777778,
    "p_contact_mcse": 0.007729307473341375,
    "v_free_nm3": 133394.92379451395,
    "K_nm3": 21675.38286405303,
    "vdw_mean_kBT": -0.1006107176476322,
    "dipole_mean_kBT": -1.7269356423405446,
    "vdw_in_contact_kBT": -0.3077132868340677,
    "acceptance": {
      "trans": 0.7239,
      "rot": 0.65935,
      "dip": 0.27988,
      "cotilt": NaN,
      "gamma": 0.95925,
      "scale": 0.90605
    },
    "drift_kBT": 0.0
  }
]
