{
  "trans": {
    "best_factor": 64.0,
    "msjd": {
      "0.25": 0.0006146349281990753,
      "0.5": 0.002406830364647763,
      "1.0": 0.009081805175352203,
      "2.0": 0.03349800128695298,
      "4.0": 0.11145881342491697,
      "8.0": 0.3562165090620276,
      "16.0": 1.0549923103266077,
      "32.0": 2.692528134017973,
      "64.0": 4.878964042279502
    },
    "acceptance": {
      "0.25": 0.9826923076923078,
      "0.5": 0.9641826923076923,
      "1.0": 0.9241185897435897,
      "2.0": 0.8552083333333333,
      "4.0": 0.7300080128205129,
      "8.0": 0.5924679487179487,
      "16.0": 0.4602564102564103,
      "32.0": 0.3076121794871795,
      "64.0": 0.15328525641025642
    },
    "edge_of_ladder": true
  },
  "rot": {
    "best_factor": 64.0,
    "msjd": {
      "0.25": 0.08079974705729995,
      "0.5": 0.30949141026269855,
      "1.0": 1.1509625690441982,
      "2.0": 4.019736714297933,
      "4.0": 12.367697466938793,
      "8.0": 35.165409813203276,
      "16.0": 85.27974072855531,
      "32.0": 227.47070157699636,
      "64.0": 1011.4839065238
    },
    "acceptance": {
      "0.25": 0.9811728395061728,
      "0.5": 0.9609567901234568,
      "1.0": 0.9123456790123456,
      "2.0": 0.8320987654320988,
      "4.0": 0.7032793209876543,
      "8.0": 0.5655864197530864,
      "16.0": 0.4214506172839506,
      "32.0": 0.3049382716049383,
      "64.0": 0.24459876543209877
    },
    "edge_of_ladder": true
  },
  "cotilt": {
    "best_factor": 4.0,
    "msjd": {
      "0.25": 0.17568243019423796,
      "0.5": 0.6301733202144818,
      "1.0": 2.1027309394357774,
      "2.0": 5.186472580466363,
      "4.0": 7.75884502807431,
      "8.0": 7.121562914955987,
      "16.0": 7.081369133440055,
      "32.0": 1.6601048707553194,
      "64.0": 0.44314198716021136
    },
    "acceptance": {
      "0.25": 0.9395833333333332,
      "0.5": 0.8833333333333333,
      "1.0": 0.8020833333333334,
      "2.0": 0.61875,
      "4.0": 0.3572916666666667,
      "8.0": 0.21041666666666667,
      "16.0": 0.11666666666666667,
      "32.0": 0.04791666666666667,
      "64.0": 0.02291666666666667
    },
    "edge_of_ladder": false
  },
  "gamma": {
    "best_factor": 1.0,
    "msjd": {
      "0.25": 0.07029169527490918,
      "0.5": 0.20281085954910674,
      "1.0": 0.3480323674070275,
      "2.0": 0.3341120682830123,
      "4.0": 0.30664553767085334,
      "8.0": 0.0733058607385342,
      "16.0": 0.014944801134135413,
      "32.0": 0.021757128099736445,
      "64.0": 0.017279821662902022
    },
    "acceptance": {
      "0.25": 0.9166666666666667,
      "0.5": 0.7458333333333332,
      "1.0": 0.4583333333333333,
      "2.0": 0.20208333333333334,
      "4.0": 0.13020833333333331,
      "8.0": 0.06041666666666666,
      "16.0": 0.02291666666666667,
      "32.0": 0.00625,
      "64.0": 0.0020833333333333333
    },
    "edge_of_ladder": false
  },
  "scale": {
    "best_factor": 16.0,
    "msjd": {
      "0.25": 6.834577404856857e-08,
      "0.5": 2.39451803387153e-07,
      "1.0": 5.850314401710963e-07,
      "2.0": 1.189245301889746e-06,
      "4.0": 1.5127682185971746e-06,
      "8.0": 3.053839550461678e-06,
      "16.0": 5.26497488710745e-06,
      "32.0": 2.61281917654462e-06,
      "64.0": 1.7319206697762124e-07
    },
    "acceptance": {
      "0.25": 0.90625,
      "0.5": 0.8083333333333335,
      "1.0": 0.6104166666666666,
      "2.0": 0.42708333333333337,
      "4.0": 0.24479166666666669,
      "8.0": 0.14791666666666667,
      "16.0": 0.12291666666666667,
      "32.0": 0.06666666666666667,
      "64.0": 0.0125
    },
    "edge_of_ladder": false
  }
}
tuned: {'trans_step_nm': 6.4, 'rot_step_deg': 128.0, 'dip_step_rad': 1.6, 'n_mag_sweeps': 10, 'cotilt_step_deg': 12.0, 'n_cotilt': 1, 'gamma_step_deg': 2.0, 'n_gamma': 1, 'scale_log_step': 0.032, 'n_scale': 1}
