{
  "rot": {
    "best_factor": 4.0,
    "msjd": {
      "0.25": 0.012874697113797136,
      "0.5": 0.03533507461129571,
      "1.0": 0.07393456502694322,
      "2.0": 0.0868079041973556,
      "4.0": 0.08746056554894743,
      "8.0": 0.04975546216775676
    },
    "acceptance": {
      "0.25": 0.7391975308641975,
      "0.5": 0.5805555555555555,
      "1.0": 0.3941358024691358,
      "2.0": 0.2302469135802469,
      "4.0": 0.11743827160493828,
      "8.0": 0.0558641975308642
    },
    "edge_of_ladder": false
  },
  "latrot": {
    "best_factor": 0.25,
    "msjd": {
      "0.25": 9.024518178344656e-05,
      "0.5": 6.228977044918856e-05,
      "1.0": 5.652794524503732e-06,
      "2.0": 1.3380619075777692e-05,
      "4.0": 4.015996489722082e-08,
      "8.0": 2.571559232071038e-07
    },
    "acceptance": {
      "0.25": 0.1,
      "0.5": 0.07916666666666666,
      "1.0": 0.016666666666666666,
      "2.0": 0.016666666666666666,
      "4.0": 0.004166666666666667,
      "8.0": 0.004166666666666667
    },
    "edge_of_ladder": true
  },
  "cotilt": {
    "best_factor": 4.0,
    "msjd": {
      "0.25": 0.6562187025162054,
      "0.5": 1.987241047744333,
      "1.0": 5.803471575152111,
      "2.0": 9.336969629844628,
      "4.0": 10.089459184755285,
      "8.0": 6.5360003878372765
    },
    "acceptance": {
      "0.25": 0.8374999999999999,
      "0.5": 0.7291666666666667,
      "1.0": 0.6083333333333333,
      "2.0": 0.35833333333333334,
      "4.0": 0.22499999999999998,
      "8.0": 0.125
    },
    "edge_of_ladder": false
  },
  "gamma": {
    "best_factor": 4.0,
    "msjd": {
      "0.25": 0.015792765306323807,
      "0.5": 0.05471738003092262,
      "1.0": 0.15008733439095065,
      "2.0": 0.26895577404544757,
      "4.0": 0.701367642684388,
      "8.0": 0.09671015893463264
    },
    "acceptance": {
      "0.25": 0.8291666666666666,
      "0.5": 0.7333333333333334,
      "1.0": 0.5416666666666666,
      "2.0": 0.35,
      "4.0": 0.3625,
      "8.0": 0.05416666666666667
    },
    "edge_of_ladder": false
  }
}
tuned: {'rot_step_deg': 4.0, 'latrot_step_deg': 0.125, 'cotilt_step_deg': 24.0, 'gamma_step_deg': 4.0}
sec/cycle: 2.111062393402891
