{
  "trans": {
    "best_factor": 4.0,
    "msjd": {
      "0.25": 0.0006146349281990753,
      "0.5": 0.002406830364647763,
      "1.0": 0.009081805175352203,
      "2.0": 0.03349800128695298,
      "4.0": 0.11295841578639099
    },
    "acceptance": {
      "0.25": 0.9826923076923078,
      "0.5": 0.9641826923076923,
      "1.0": 0.9241185897435897,
      "2.0": 0.8552083333333333,
      "4.0": 0.7375
    },
    "edge_of_ladder": true
  },
  "rot": {
    "best_factor": 4.0,
    "msjd": {
      "0.25": 0.08079974705729995,
      "0.5": 0.30949141026269855,
      "1.0": 1.1509625690441982,
      "2.0": 4.019736714297933,
      "4.0": 12.697609022939014
    },
    "acceptance": {
      "0.25": 0.9811728395061728,
      "0.5": 0.9609567901234568,
      "1.0": 0.9123456790123456,
      "2.0": 0.8320987654320988,
      "4.0": 0.7098765432098765
    },
    "edge_of_ladder": true
  },
  "cotilt": {
    "best_factor": 4.0,
    "msjd": {
      "0.25": 0.17568243019423796,
      "0.5": 0.6301733202144818,
      "1.0": 2.1027309394357774,
      "2.0": 5.186472580466363,
      "4.0": 8.395629980115062
    },
    "acceptance": {
      "0.25": 0.9395833333333332,
      "0.5": 0.8833333333333333,
      "1.0": 0.8020833333333334,
      "2.0": 0.61875,
      "4.0": 0.3583333333333334
    },
    "edge_of_ladder": true
  },
  "gamma": {
    "best_factor": 1.0,
    "msjd": {
      "0.25": 0.07029169527490918,
      "0.5": 0.20281085954910674,
      "1.0": 0.3480323674070275,
      "2.0": 0.3341120682830123,
      "4.0": 0.29126703610753324
    },
    "acceptance": {
      "0.25": 0.9166666666666667,
      "0.5": 0.7458333333333332,
      "1.0": 0.4583333333333333,
      "2.0": 0.20208333333333334,
      "4.0": 0.15
    },
    "edge_of_ladder": false
  },
  "scale": {
    "best_factor": 4.0,
    "msjd": {
      "0.25": 6.834577404856857e-08,
      "0.5": 2.39451803387153e-07,
      "1.0": 5.850314401710963e-07,
      "2.0": 1.189245301889746e-06,
      "4.0": 1.7177843906141364e-06
    },
    "acceptance": {
      "0.25": 0.90625,
      "0.5": 0.8083333333333335,
      "1.0": 0.6104166666666666,
      "2.0": 0.42708333333333337,
      "4.0": 0.2520833333333333
    },
    "edge_of_ladder": true
  }
}
tuned: {'trans_step_nm': 0.4, 'rot_step_deg': 8.0, 'dip_step_rad': 1.6, 'n_mag_sweeps': 10, 'cotilt_step_deg': 12.0, 'n_cotilt': 1, 'gamma_step_deg': 2.0, 'n_gamma': 1, 'scale_log_step': 0.008, 'n_scale': 1}
